// Vitest Snapshot v1, https://vitest.dev/guide/snapshot.html

exports[`getMonthMatrix 함수 태스트 > 전체 배열 구조를 snapshot으로 검증 1`] = `
[
  [
    null,
    null,
    null,
    null,
    1,
    2,
    3,
  ],
  [
    4,
    5,
    6,
    7,
    8,
    9,
    10,
  ],
  [
    11,
    12,
    13,
    14,
    15,
    16,
    17,
  ],
  [
    18,
    19,
    20,
    21,
    22,
    23,
    24,
  ],
  [
    25,
    26,
    27,
    28,
    29,
    30,
    31,
  ],
]
`;
